Component: ARM Compiler 5.06 update 6 (build 750) Tool: armlink [4d35ed]

==============================================================================

Section Cross References

    startup_py32f072cxx.o(RESET) refers to startup_py32f072cxx.o(STACK) for __initial_sp
    startup_py32f072cxx.o(RESET) refers to startup_py32f072cxx.o(.text) for Reset_Handler
    startup_py32f072cxx.o(RESET) refers to py32f072c_it.o(i.NMI_Handler) for NMI_Handler
    startup_py32f072cxx.o(RESET) refers to py32f072c_it.o(i.HardFault_Handler) for HardFault_Handler
    startup_py32f072cxx.o(RESET) refers to py32f072c_it.o(i.SVC_Handler) for SVC_Handler
    startup_py32f072cxx.o(RESET) refers to py32f072c_it.o(i.PendSV_Handler) for PendSV_Handler
    startup_py32f072cxx.o(RESET) refers to py32f072c_it.o(i.SysTick_Handler) for SysTick_Handler
    startup_py32f072cxx.o(.text) refers to system_py32f072c.o(i.SystemInit) for SystemInit
    startup_py32f072cxx.o(.text) refers to entry.o(.ARM.Collect$$$$00000000) for __main
    system_py32f072c.o(i.SystemCoreClockUpdate) refers to uidiv.o(.text) for __aeabi_uidivmod
    system_py32f072c.o(i.SystemCoreClockUpdate) refers to system_py32f072c.o(.data) for SystemCoreClock
    system_py32f072c.o(i.SystemCoreClockUpdate) refers to system_py32f072c.o(.constdata) for HSIFreqTable
    main.o(i.APP_GpioConfig) refers to memseta.o(.text) for __aeabi_memclr4
    main.o(i.APP_GpioConfig) refers to py32f072c_hal_gpio.o(i.HAL_GPIO_Init) for HAL_GPIO_Init
    main.o(i.APP_GpioConfig) refers to py32f072c_hal_gpio.o(i.HAL_GPIO_WritePin) for HAL_GPIO_WritePin
    main.o(i.main) refers to py32f072c_hal.o(i.HAL_Init) for HAL_Init
    main.o(i.main) refers to main.o(i.APP_GpioConfig) for APP_GpioConfig
    main.o(i.main) refers to py32f072c_hal.o(i.HAL_Delay) for HAL_Delay
    main.o(i.main) refers to py32f072c_hal_gpio.o(i.HAL_GPIO_TogglePin) for HAL_GPIO_TogglePin
    py32f072c_it.o(i.SysTick_Handler) refers to py32f072c_hal.o(i.HAL_IncTick) for HAL_IncTick
    py32f072cxx_start_kit.o(i.BSP_LED_DeInit) refers to py32f072c_hal_gpio.o(i.HAL_GPIO_WritePin) for HAL_GPIO_WritePin
    py32f072cxx_start_kit.o(i.BSP_LED_DeInit) refers to py32f072c_hal_gpio.o(i.HAL_GPIO_DeInit) for HAL_GPIO_DeInit
    py32f072cxx_start_kit.o(i.BSP_LED_DeInit) refers to py32f072cxx_start_kit.o(.constdata) for LED_PIN
    py32f072cxx_start_kit.o(i.BSP_LED_DeInit) refers to py32f072cxx_start_kit.o(.data) for LED_PORT
    py32f072cxx_start_kit.o(i.BSP_LED_Init) refers to py32f072c_hal_gpio.o(i.HAL_GPIO_Init) for HAL_GPIO_Init
    py32f072cxx_start_kit.o(i.BSP_LED_Init) refers to py32f072c_hal_gpio.o(i.HAL_GPIO_WritePin) for HAL_GPIO_WritePin
    py32f072cxx_start_kit.o(i.BSP_LED_Init) refers to py32f072cxx_start_kit.o(.constdata) for LED_PIN
    py32f072cxx_start_kit.o(i.BSP_LED_Init) refers to py32f072cxx_start_kit.o(.data) for LED_PORT
    py32f072cxx_start_kit.o(i.BSP_LED_Off) refers to py32f072c_hal_gpio.o(i.HAL_GPIO_WritePin) for HAL_GPIO_WritePin
    py32f072cxx_start_kit.o(i.BSP_LED_Off) refers to py32f072cxx_start_kit.o(.constdata) for LED_PIN
    py32f072cxx_start_kit.o(i.BSP_LED_Off) refers to py32f072cxx_start_kit.o(.data) for LED_PORT
    py32f072cxx_start_kit.o(i.BSP_LED_On) refers to py32f072c_hal_gpio.o(i.HAL_GPIO_WritePin) for HAL_GPIO_WritePin
    py32f072cxx_start_kit.o(i.BSP_LED_On) refers to py32f072cxx_start_kit.o(.constdata) for LED_PIN
    py32f072cxx_start_kit.o(i.BSP_LED_On) refers to py32f072cxx_start_kit.o(.data) for LED_PORT
    py32f072cxx_start_kit.o(i.BSP_LED_Toggle) refers to py32f072c_hal_gpio.o(i.HAL_GPIO_TogglePin) for HAL_GPIO_TogglePin
    py32f072cxx_start_kit.o(i.BSP_LED_Toggle) refers to py32f072cxx_start_kit.o(.constdata) for LED_PIN
    py32f072cxx_start_kit.o(i.BSP_LED_Toggle) refers to py32f072cxx_start_kit.o(.data) for LED_PORT
    py32f072cxx_start_kit.o(i.BSP_PB_DeInit) refers to py32f072c_hal_cortex.o(i.HAL_NVIC_DisableIRQ) for HAL_NVIC_DisableIRQ
    py32f072cxx_start_kit.o(i.BSP_PB_DeInit) refers to py32f072c_hal_gpio.o(i.HAL_GPIO_DeInit) for HAL_GPIO_DeInit
    py32f072cxx_start_kit.o(i.BSP_PB_DeInit) refers to py32f072cxx_start_kit.o(.constdata) for BUTTON_PIN
    py32f072cxx_start_kit.o(i.BSP_PB_DeInit) refers to py32f072cxx_start_kit.o(.data) for BUTTON_PORT
    py32f072cxx_start_kit.o(i.BSP_PB_GetState) refers to py32f072c_hal_gpio.o(i.HAL_GPIO_ReadPin) for HAL_GPIO_ReadPin
    py32f072cxx_start_kit.o(i.BSP_PB_GetState) refers to py32f072cxx_start_kit.o(.constdata) for BUTTON_PIN
    py32f072cxx_start_kit.o(i.BSP_PB_GetState) refers to py32f072cxx_start_kit.o(.data) for BUTTON_PORT
    py32f072cxx_start_kit.o(i.BSP_PB_Init) refers to py32f072c_hal_gpio.o(i.HAL_GPIO_Init) for HAL_GPIO_Init
    py32f072cxx_start_kit.o(i.BSP_PB_Init) refers to py32f072c_hal_cortex.o(i.HAL_NVIC_SetPriority) for HAL_NVIC_SetPriority
    py32f072cxx_start_kit.o(i.BSP_PB_Init) refers to py32f072c_hal_cortex.o(i.HAL_NVIC_EnableIRQ) for HAL_NVIC_EnableIRQ
    py32f072cxx_start_kit.o(i.BSP_PB_Init) refers to py32f072cxx_start_kit.o(.constdata) for BUTTON_PIN
    py32f072cxx_start_kit.o(i.BSP_PB_Init) refers to py32f072cxx_start_kit.o(.data) for BUTTON_PORT
    py32f072cxx_start_kit.o(i.BSP_USART_Config) refers to py32f072c_hal_uart.o(i.HAL_UART_Init) for HAL_UART_Init
    py32f072cxx_start_kit.o(i.BSP_USART_Config) refers to py32f072c_hal_gpio.o(i.HAL_GPIO_Init) for HAL_GPIO_Init
    py32f072cxx_start_kit.o(i.BSP_USART_Config) refers to py32f072c_hal_cortex.o(i.HAL_NVIC_SetPriority) for HAL_NVIC_SetPriority
    py32f072cxx_start_kit.o(i.BSP_USART_Config) refers to py32f072c_hal_cortex.o(i.HAL_NVIC_EnableIRQ) for HAL_NVIC_EnableIRQ
    py32f072cxx_start_kit.o(i.BSP_USART_Config) refers to py32f072cxx_start_kit.o(.bss) for DebugUartHandle
    py32f072cxx_start_kit.o(i.fgetc) refers to py32f072c_hal_uart.o(i.HAL_UART_Receive) for HAL_UART_Receive
    py32f072cxx_start_kit.o(i.fgetc) refers to py32f072cxx_start_kit.o(.bss) for DebugUartHandle
    py32f072cxx_start_kit.o(i.fputc) refers to py32f072c_hal_uart.o(i.HAL_UART_Transmit) for HAL_UART_Transmit
    py32f072cxx_start_kit.o(i.fputc) refers to py32f072cxx_start_kit.o(.bss) for DebugUartHandle
    py32f072c_hal.o(i.HAL_DeInit) refers to py32f072c_hal.o(i.HAL_MspDeInit) for HAL_MspDeInit
    py32f072c_hal.o(i.HAL_Delay) refers to py32f072c_hal.o(i.HAL_GetTick) for HAL_GetTick
    py32f072c_hal.o(i.HAL_Delay) refers to py32f072c_hal.o(.data) for uwTickFreq
    py32f072c_hal.o(i.HAL_GetTick) refers to py32f072c_hal.o(.data) for uwTick
    py32f072c_hal.o(i.HAL_GetTickFreq) refers to py32f072c_hal.o(.data) for uwTickFreq
    py32f072c_hal.o(i.HAL_GetTickPrio) refers to py32f072c_hal.o(.data) for uwTickPrio
    py32f072c_hal.o(i.HAL_IncTick) refers to py32f072c_hal.o(.data) for uwTick
    py32f072c_hal.o(i.HAL_Init) refers to py32f072c_hal.o(i.HAL_InitTick) for HAL_InitTick
    py32f072c_hal.o(i.HAL_Init) refers to py32f072c_hal_msp.o(i.HAL_MspInit) for HAL_MspInit
    py32f072c_hal.o(i.HAL_InitTick) refers to uidiv.o(.text) for __aeabi_uidivmod
    py32f072c_hal.o(i.HAL_InitTick) refers to py32f072c_hal_cortex.o(i.HAL_SYSTICK_Config) for HAL_SYSTICK_Config
    py32f072c_hal.o(i.HAL_InitTick) refers to py32f072c_hal_cortex.o(i.HAL_NVIC_SetPriority) for HAL_NVIC_SetPriority
    py32f072c_hal.o(i.HAL_InitTick) refers to py32f072c_hal.o(.data) for uwTickFreq
    py32f072c_hal.o(i.HAL_InitTick) refers to system_py32f072c.o(.data) for SystemCoreClock
    py32f072c_hal.o(i.HAL_SetTickFreq) refers to py32f072c_hal.o(i.HAL_InitTick) for HAL_InitTick
    py32f072c_hal.o(i.HAL_SetTickFreq) refers to py32f072c_hal.o(.data) for uwTickFreq
    py32f072c_hal_cortex.o(i.HAL_NVIC_SetPriority) refers to py32f072c_hal_cortex.o(i.__NVIC_SetPriority) for __NVIC_SetPriority
    py32f072c_hal_cortex.o(i.HAL_SYSTICK_Config) refers to py32f072c_hal_cortex.o(i.__NVIC_SetPriority) for __NVIC_SetPriority
    py32f072c_hal_cortex.o(i.HAL_SYSTICK_IRQHandler) refers to py32f072c_hal_cortex.o(i.HAL_SYSTICK_Callback) for HAL_SYSTICK_Callback
    py32f072c_hal_gpio.o(i.HAL_GPIO_EXTI_IRQHandler) refers to py32f072c_hal_gpio.o(i.HAL_GPIO_EXTI_Callback) for HAL_GPIO_EXTI_Callback
    py32f072c_hal_pwr.o(i.HAL_PWR_PVD_IRQHandler) refers to py32f072c_hal_pwr.o(i.HAL_PWR_PVD_Callback) for HAL_PWR_PVD_Callback
    py32f072c_hal_rcc.o(i.HAL_RCC_ClockConfig) refers to py32f072c_hal.o(i.HAL_GetTick) for HAL_GetTick
    py32f072c_hal_rcc.o(i.HAL_RCC_ClockConfig) refers to py32f072c_hal_rcc.o(i.HAL_RCC_GetSysClockFreq) for HAL_RCC_GetSysClockFreq
    py32f072c_hal_rcc.o(i.HAL_RCC_ClockConfig) refers to py32f072c_hal.o(i.HAL_InitTick) for HAL_InitTick
    py32f072c_hal_rcc.o(i.HAL_RCC_ClockConfig) refers to system_py32f072c.o(.constdata) for AHBPrescTable
    py32f072c_hal_rcc.o(i.HAL_RCC_ClockConfig) refers to system_py32f072c.o(.data) for SystemCoreClock
    py32f072c_hal_rcc.o(i.HAL_RCC_ClockConfig) refers to py32f072c_hal.o(.data) for uwTickPrio
    py32f072c_hal_rcc.o(i.HAL_RCC_DeInit) refers to py32f072c_hal.o(i.HAL_GetTick) for HAL_GetTick
    py32f072c_hal_rcc.o(i.HAL_RCC_DeInit) refers to py32f072c_hal.o(i.HAL_InitTick) for HAL_InitTick
    py32f072c_hal_rcc.o(i.HAL_RCC_DeInit) refers to system_py32f072c.o(.data) for SystemCoreClock
    py32f072c_hal_rcc.o(i.HAL_RCC_DeInit) refers to py32f072c_hal.o(.data) for uwTickPrio
    py32f072c_hal_rcc.o(i.HAL_RCC_GetHCLKFreq) refers to system_py32f072c.o(.data) for SystemCoreClock
    py32f072c_hal_rcc.o(i.HAL_RCC_GetPCLK1Freq) refers to py32f072c_hal_rcc.o(i.HAL_RCC_GetHCLKFreq) for HAL_RCC_GetHCLKFreq
    py32f072c_hal_rcc.o(i.HAL_RCC_GetPCLK1Freq) refers to system_py32f072c.o(.constdata) for APBPrescTable
    py32f072c_hal_rcc.o(i.HAL_RCC_GetSysClockFreq) refers to memcpya.o(.text) for __aeabi_memcpy4
    py32f072c_hal_rcc.o(i.HAL_RCC_GetSysClockFreq) refers to uidiv.o(.text) for __aeabi_uidivmod
    py32f072c_hal_rcc.o(i.HAL_RCC_GetSysClockFreq) refers to py32f072c_hal_rcc.o(.constdata) for .constdata
    py32f072c_hal_rcc.o(i.HAL_RCC_MCOConfig) refers to py32f072c_hal_gpio.o(i.HAL_GPIO_Init) for HAL_GPIO_Init
    py32f072c_hal_rcc.o(i.HAL_RCC_NMI_IRQHandler) refers to py32f072c_hal_rcc.o(i.HAL_RCC_CSSCallback) for HAL_RCC_CSSCallback
    py32f072c_hal_rcc.o(i.HAL_RCC_NMI_IRQHandler) refers to py32f072c_hal_rcc.o(i.HAL_RCC_LSECSSCallback) for HAL_RCC_LSECSSCallback
    py32f072c_hal_rcc.o(i.HAL_RCC_OscConfig) refers to py32f072c_hal.o(i.HAL_GetTick) for HAL_GetTick
    py32f072c_hal_rcc.o(i.HAL_RCC_OscConfig) refers to py32f072c_hal_rcc.o(i.HAL_RCC_GetSysClockFreq) for HAL_RCC_GetSysClockFreq
    py32f072c_hal_rcc.o(i.HAL_RCC_OscConfig) refers to py32f072c_hal.o(i.HAL_InitTick) for HAL_InitTick
    py32f072c_hal_rcc.o(i.HAL_RCC_OscConfig) refers to py32f072c_hal_rcc.o(.constdata) for .constdata
    py32f072c_hal_rcc.o(i.HAL_RCC_OscConfig) refers to system_py32f072c.o(.constdata) for AHBPrescTable
    py32f072c_hal_rcc.o(i.HAL_RCC_OscConfig) refers to system_py32f072c.o(.data) for SystemCoreClock
    py32f072c_hal_rcc.o(i.HAL_RCC_OscConfig) refers to py32f072c_hal.o(.data) for uwTickPrio
    py32f072c_hal_rcc.o(i.HAL_RCC_OscConfig) refers to py32f072c_hal_rcc.o(i.RCC_GetHSIFreq) for RCC_GetHSIFreq
    py32f072c_hal_rcc.o(i.RCC_GetHSIFreq) refers to system_py32f072c.o(.constdata) for HSIFreqTable
    py32f072c_hal_rcc_ex.o(i.HAL_RCCEx_DisableLSCO) refers to py32f072c_hal_pwr.o(i.HAL_PWR_EnableBkUpAccess) for HAL_PWR_EnableBkUpAccess
    py32f072c_hal_rcc_ex.o(i.HAL_RCCEx_DisableLSCO) refers to py32f072c_hal_pwr.o(i.HAL_PWR_DisableBkUpAccess) for HAL_PWR_DisableBkUpAccess
    py32f072c_hal_rcc_ex.o(i.HAL_RCCEx_EnableLSCO) refers to py32f072c_hal_pwr.o(i.HAL_PWR_EnableBkUpAccess) for HAL_PWR_EnableBkUpAccess
    py32f072c_hal_rcc_ex.o(i.HAL_RCCEx_EnableLSCO) refers to py32f072c_hal_pwr.o(i.HAL_PWR_DisableBkUpAccess) for HAL_PWR_DisableBkUpAccess
    py32f072c_hal_rcc_ex.o(i.HAL_RCCEx_GetPeriphCLKFreq) refers to memcpya.o(.text) for __aeabi_memcpy4
    py32f072c_hal_rcc_ex.o(i.HAL_RCCEx_GetPeriphCLKFreq) refers to py32f072c_hal_rcc.o(i.HAL_RCC_GetPCLK1Freq) for HAL_RCC_GetPCLK1Freq
    py32f072c_hal_rcc_ex.o(i.HAL_RCCEx_GetPeriphCLKFreq) refers to uidiv.o(.text) for __aeabi_uidivmod
    py32f072c_hal_rcc_ex.o(i.HAL_RCCEx_GetPeriphCLKFreq) refers to py32f072c_hal_rcc_ex.o(.constdata) for .constdata
    py32f072c_hal_rcc_ex.o(i.HAL_RCCEx_PeriphCLKConfig) refers to py32f072c_hal.o(i.HAL_GetTick) for HAL_GetTick
    py32f072c_hal_uart.o(i.HAL_HalfDuplex_Init) refers to py32f072c_hal_uart.o(i.HAL_UART_MspInit) for HAL_UART_MspInit
    py32f072c_hal_uart.o(i.HAL_HalfDuplex_Init) refers to py32f072c_hal_uart.o(i.UART_SetConfig) for UART_SetConfig
    py32f072c_hal_uart.o(i.HAL_LIN_Init) refers to py32f072c_hal_uart.o(i.HAL_UART_MspInit) for HAL_UART_MspInit
    py32f072c_hal_uart.o(i.HAL_LIN_Init) refers to py32f072c_hal_uart.o(i.UART_SetConfig) for UART_SetConfig
    py32f072c_hal_uart.o(i.HAL_MultiProcessor_Init) refers to py32f072c_hal_uart.o(i.HAL_UART_MspInit) for HAL_UART_MspInit
    py32f072c_hal_uart.o(i.HAL_MultiProcessor_Init) refers to py32f072c_hal_uart.o(i.UART_SetConfig) for UART_SetConfig
    py32f072c_hal_uart.o(i.HAL_UART_Abort) refers to py32f072c_hal_dma.o(i.HAL_DMA_Abort) for HAL_DMA_Abort
    py32f072c_hal_uart.o(i.HAL_UART_Abort) refers to py32f072c_hal_dma.o(i.HAL_DMA_GetError) for HAL_DMA_GetError
    py32f072c_hal_uart.o(i.HAL_UART_AbortReceive) refers to py32f072c_hal_dma.o(i.HAL_DMA_Abort) for HAL_DMA_Abort
    py32f072c_hal_uart.o(i.HAL_UART_AbortReceive) refers to py32f072c_hal_dma.o(i.HAL_DMA_GetError) for HAL_DMA_GetError
    py32f072c_hal_uart.o(i.HAL_UART_AbortReceive_IT) refers to py32f072c_hal_dma.o(i.HAL_DMA_Abort_IT) for HAL_DMA_Abort_IT
    py32f072c_hal_uart.o(i.HAL_UART_AbortReceive_IT) refers to py32f072c_hal_uart.o(i.HAL_UART_AbortReceiveCpltCallback) for HAL_UART_AbortReceiveCpltCallback
    py32f072c_hal_uart.o(i.HAL_UART_AbortReceive_IT) refers to py32f072c_hal_uart.o(i.UART_DMARxOnlyAbortCallback) for UART_DMARxOnlyAbortCallback
    py32f072c_hal_uart.o(i.HAL_UART_AbortTransmit) refers to py32f072c_hal_dma.o(i.HAL_DMA_Abort) for HAL_DMA_Abort
    py32f072c_hal_uart.o(i.HAL_UART_AbortTransmit) refers to py32f072c_hal_dma.o(i.HAL_DMA_GetError) for HAL_DMA_GetError
    py32f072c_hal_uart.o(i.HAL_UART_AbortTransmit_IT) refers to py32f072c_hal_dma.o(i.HAL_DMA_Abort_IT) for HAL_DMA_Abort_IT
    py32f072c_hal_uart.o(i.HAL_UART_AbortTransmit_IT) refers to py32f072c_hal_uart.o(i.HAL_UART_AbortTransmitCpltCallback) for HAL_UART_AbortTransmitCpltCallback
    py32f072c_hal_uart.o(i.HAL_UART_AbortTransmit_IT) refers to py32f072c_hal_uart.o(i.UART_DMATxOnlyAbortCallback) for UART_DMATxOnlyAbortCallback
    py32f072c_hal_uart.o(i.HAL_UART_Abort_IT) refers to py32f072c_hal_dma.o(i.HAL_DMA_Abort_IT) for HAL_DMA_Abort_IT
    py32f072c_hal_uart.o(i.HAL_UART_Abort_IT) refers to py32f072c_hal_uart.o(i.HAL_UART_AbortCpltCallback) for HAL_UART_AbortCpltCallback
    py32f072c_hal_uart.o(i.HAL_UART_Abort_IT) refers to py32f072c_hal_uart.o(i.UART_DMATxAbortCallback) for UART_DMATxAbortCallback
    py32f072c_hal_uart.o(i.HAL_UART_Abort_IT) refers to py32f072c_hal_uart.o(i.UART_DMARxAbortCallback) for UART_DMARxAbortCallback
    py32f072c_hal_uart.o(i.HAL_UART_DMAStop) refers to py32f072c_hal_dma.o(i.HAL_DMA_Abort) for HAL_DMA_Abort
    py32f072c_hal_uart.o(i.HAL_UART_DMAStop) refers to py32f072c_hal_uart.o(i.UART_EndTxTransfer) for UART_EndTxTransfer
    py32f072c_hal_uart.o(i.HAL_UART_DMAStop) refers to py32f072c_hal_uart.o(i.UART_EndRxTransfer) for UART_EndRxTransfer
    py32f072c_hal_uart.o(i.HAL_UART_DeInit) refers to py32f072c_hal_uart.o(i.HAL_UART_MspDeInit) for HAL_UART_MspDeInit
    py32f072c_hal_uart.o(i.HAL_UART_IRQHandler) refers to py32f072c_hal_uart.o(i.UART_Receive_IT) for UART_Receive_IT
    py32f072c_hal_uart.o(i.HAL_UART_IRQHandler) refers to py32f072c_hal_uart.o(i.UART_EndRxTransfer) for UART_EndRxTransfer
    py32f072c_hal_uart.o(i.HAL_UART_IRQHandler) refers to py32f072c_hal_dma.o(i.HAL_DMA_Abort_IT) for HAL_DMA_Abort_IT
    py32f072c_hal_uart.o(i.HAL_UART_IRQHandler) refers to py32f072c_hal_uart.o(i.HAL_UART_ErrorCallback) for HAL_UART_ErrorCallback
    py32f072c_hal_uart.o(i.HAL_UART_IRQHandler) refers to py32f072c_hal_uart.o(i.HAL_UART_IdleFrameDetectCpltCallback) for HAL_UART_IdleFrameDetectCpltCallback
    py32f072c_hal_uart.o(i.HAL_UART_IRQHandler) refers to py32f072c_hal_uart.o(i.UART_Transmit_IT) for UART_Transmit_IT
    py32f072c_hal_uart.o(i.HAL_UART_IRQHandler) refers to py32f072c_hal_uart.o(i.UART_EndTransmit_IT) for UART_EndTransmit_IT
    py32f072c_hal_uart.o(i.HAL_UART_IRQHandler) refers to py32f072c_hal_uart.o(i.UART_DMAAbortOnError) for UART_DMAAbortOnError
    py32f072c_hal_uart.o(i.HAL_UART_Init) refers to py32f072c_hal_uart.o(i.HAL_UART_MspInit) for HAL_UART_MspInit
    py32f072c_hal_uart.o(i.HAL_UART_Init) refers to py32f072c_hal_uart.o(i.UART_SetConfig) for UART_SetConfig
    py32f072c_hal_uart.o(i.HAL_UART_Init) refers to py32f072c_hal_uart.o(i.UART_AdvFeatureConfig) for UART_AdvFeatureConfig
    py32f072c_hal_uart.o(i.HAL_UART_Receive) refers to py32f072c_hal.o(i.HAL_GetTick) for HAL_GetTick
    py32f072c_hal_uart.o(i.HAL_UART_Receive) refers to py32f072c_hal_uart.o(i.UART_WaitOnFlagUntilTimeout) for UART_WaitOnFlagUntilTimeout
    py32f072c_hal_uart.o(i.HAL_UART_Receive_DMA) refers to py32f072c_hal_dma.o(i.HAL_DMA_Start_IT) for HAL_DMA_Start_IT
    py32f072c_hal_uart.o(i.HAL_UART_Receive_DMA) refers to py32f072c_hal_uart.o(i.UART_DMAReceiveCplt) for UART_DMAReceiveCplt
    py32f072c_hal_uart.o(i.HAL_UART_Receive_DMA) refers to py32f072c_hal_uart.o(i.UART_DMARxHalfCplt) for UART_DMARxHalfCplt
    py32f072c_hal_uart.o(i.HAL_UART_Receive_DMA) refers to py32f072c_hal_uart.o(i.UART_DMAError) for UART_DMAError
    py32f072c_hal_uart.o(i.HAL_UART_Transmit) refers to py32f072c_hal.o(i.HAL_GetTick) for HAL_GetTick
    py32f072c_hal_uart.o(i.HAL_UART_Transmit) refers to py32f072c_hal_uart.o(i.UART_WaitOnFlagUntilTimeout) for UART_WaitOnFlagUntilTimeout
    py32f072c_hal_uart.o(i.HAL_UART_Transmit_DMA) refers to py32f072c_hal_dma.o(i.HAL_DMA_Start_IT) for HAL_DMA_Start_IT
    py32f072c_hal_uart.o(i.HAL_UART_Transmit_DMA) refers to py32f072c_hal_uart.o(i.UART_DMATransmitCplt) for UART_DMATransmitCplt
    py32f072c_hal_uart.o(i.HAL_UART_Transmit_DMA) refers to py32f072c_hal_uart.o(i.UART_DMATxHalfCplt) for UART_DMATxHalfCplt
    py32f072c_hal_uart.o(i.HAL_UART_Transmit_DMA) refers to py32f072c_hal_uart.o(i.UART_DMAError) for UART_DMAError
    py32f072c_hal_uart.o(i.UART_DMAAbortOnError) refers to py32f072c_hal_uart.o(i.HAL_UART_ErrorCallback) for HAL_UART_ErrorCallback
    py32f072c_hal_uart.o(i.UART_DMAError) refers to py32f072c_hal_uart.o(i.UART_EndTxTransfer) for UART_EndTxTransfer
    py32f072c_hal_uart.o(i.UART_DMAError) refers to py32f072c_hal_uart.o(i.UART_EndRxTransfer) for UART_EndRxTransfer
    py32f072c_hal_uart.o(i.UART_DMAError) refers to py32f072c_hal_uart.o(i.HAL_UART_ErrorCallback) for HAL_UART_ErrorCallback
    py32f072c_hal_uart.o(i.UART_DMAReceiveCplt) refers to py32f072c_hal_uart.o(i.HAL_UART_RxCpltCallback) for HAL_UART_RxCpltCallback
    py32f072c_hal_uart.o(i.UART_DMARxAbortCallback) refers to py32f072c_hal_uart.o(i.HAL_UART_AbortCpltCallback) for HAL_UART_AbortCpltCallback
    py32f072c_hal_uart.o(i.UART_DMARxHalfCplt) refers to py32f072c_hal_uart.o(i.HAL_UART_RxHalfCpltCallback) for HAL_UART_RxHalfCpltCallback
    py32f072c_hal_uart.o(i.UART_DMARxOnlyAbortCallback) refers to py32f072c_hal_uart.o(i.HAL_UART_AbortReceiveCpltCallback) for HAL_UART_AbortReceiveCpltCallback
    py32f072c_hal_uart.o(i.UART_DMATransmitCplt) refers to py32f072c_hal_uart.o(i.HAL_UART_TxCpltCallback) for HAL_UART_TxCpltCallback
    py32f072c_hal_uart.o(i.UART_DMATxAbortCallback) refers to py32f072c_hal_uart.o(i.HAL_UART_AbortCpltCallback) for HAL_UART_AbortCpltCallback
    py32f072c_hal_uart.o(i.UART_DMATxHalfCplt) refers to py32f072c_hal_uart.o(i.HAL_UART_TxHalfCpltCallback) for HAL_UART_TxHalfCpltCallback
    py32f072c_hal_uart.o(i.UART_DMATxOnlyAbortCallback) refers to py32f072c_hal_uart.o(i.HAL_UART_AbortTransmitCpltCallback) for HAL_UART_AbortTransmitCpltCallback
    py32f072c_hal_uart.o(i.UART_EndTransmit_IT) refers to py32f072c_hal_uart.o(i.HAL_UART_TxCpltCallback) for HAL_UART_TxCpltCallback
    py32f072c_hal_uart.o(i.UART_Receive_IT) refers to py32f072c_hal_uart.o(i.HAL_UART_RxCpltCallback) for HAL_UART_RxCpltCallback
    py32f072c_hal_uart.o(i.UART_SetConfig) refers to py32f072c_hal_rcc.o(i.HAL_RCC_GetPCLK1Freq) for HAL_RCC_GetPCLK1Freq
    py32f072c_hal_uart.o(i.UART_SetConfig) refers to uidiv.o(.text) for __aeabi_uidivmod
    py32f072c_hal_uart.o(i.UART_WaitOnFlagUntilTimeout) refers to py32f072c_hal.o(i.HAL_GetTick) for HAL_GetTick
    py32f072c_hal_dma.o(i.HAL_DMA_ChannelMap) refers to uidiv.o(.text) for __aeabi_uidivmod
    py32f072c_hal_dma.o(i.HAL_DMA_DeInit) refers to uidiv.o(.text) for __aeabi_uidivmod
    py32f072c_hal_dma.o(i.HAL_DMA_Init) refers to uidiv.o(.text) for __aeabi_uidivmod
    py32f072c_hal_dma.o(i.HAL_DMA_PollForTransfer) refers to py32f072c_hal.o(i.HAL_GetTick) for HAL_GetTick
    py32f072c_hal_dma.o(i.HAL_DMA_Start) refers to py32f072c_hal_dma.o(i.DMA_SetConfig) for DMA_SetConfig
    py32f072c_hal_dma.o(i.HAL_DMA_Start_IT) refers to py32f072c_hal_dma.o(i.DMA_SetConfig) for DMA_SetConfig
    py32f072c_hal_dma.o(i.HAL_DMA_UnRegisterCallback) refers to py32f072c_hal_dma.o(i.__ARM_common_switch8) for __ARM_common_switch8
    entry.o(.ARM.Collect$$$$00000000) refers (Special) to entry10a.o(.ARM.Collect$$$$0000000D) for __rt_final_cpp
    entry.o(.ARM.Collect$$$$00000000) refers (Special) to entry11a.o(.ARM.Collect$$$$0000000F) for __rt_final_exit
    entry.o(.ARM.Collect$$$$00000000) refers (Special) to entry7b.o(.ARM.Collect$$$$00000008) for _main_clock
    entry.o(.ARM.Collect$$$$00000000) refers (Special) to entry8b.o(.ARM.Collect$$$$0000000A) for _main_cpp_init
    entry.o(.ARM.Collect$$$$00000000) refers (Special) to entry9a.o(.ARM.Collect$$$$0000000B) for _main_init
    entry.o(.ARM.Collect$$$$00000000) refers (Special) to entry5.o(.ARM.Collect$$$$00000004) for _main_scatterload
    entry.o(.ARM.Collect$$$$00000000) refers (Special) to entry2.o(.ARM.Collect$$$$00000001) for _main_stk
    entry2.o(.ARM.Collect$$$$00000001) refers to entry2.o(.ARM.Collect$$$$00002712) for __lit__00000000
    entry2.o(.ARM.Collect$$$$00002712) refers to startup_py32f072cxx.o(STACK) for __initial_sp
    entry2.o(__vectab_stack_and_reset_area) refers to startup_py32f072cxx.o(STACK) for __initial_sp
    entry2.o(__vectab_stack_and_reset_area) refers to entry.o(.ARM.Collect$$$$00000000) for __main
    entry5.o(.ARM.Collect$$$$00000004) refers to init.o(.text) for __scatterload
    entry9a.o(.ARM.Collect$$$$0000000B) refers to main.o(i.main) for main
    entry9b.o(.ARM.Collect$$$$0000000C) refers to main.o(i.main) for main
    init.o(.text) refers to entry5.o(.ARM.Collect$$$$00000004) for __main_after_scatterload


==============================================================================

Removing Unused input sections from the image.

    Removing startup_py32f072cxx.o(HEAP), (512 bytes).
    Removing system_py32f072c.o(.rev16_text), (4 bytes).
    Removing system_py32f072c.o(.revsh_text), (4 bytes).
    Removing system_py32f072c.o(i.SystemCoreClockUpdate), (236 bytes).
    Removing system_py32f072c.o(.constdata), (128 bytes).
    Removing main.o(.rev16_text), (4 bytes).
    Removing main.o(.revsh_text), (4 bytes).
    Removing main.o(i.APP_ErrorHandler), (4 bytes).
    Removing py32f072c_hal_msp.o(.rev16_text), (4 bytes).
    Removing py32f072c_hal_msp.o(.revsh_text), (4 bytes).
    Removing py32f072c_it.o(.rev16_text), (4 bytes).
    Removing py32f072c_it.o(.revsh_text), (4 bytes).
    Removing py32f072cxx_start_kit.o(.rev16_text), (4 bytes).
    Removing py32f072cxx_start_kit.o(.revsh_text), (4 bytes).
    Removing py32f072cxx_start_kit.o(i.BSP_GetVersion), (6 bytes).
    Removing py32f072cxx_start_kit.o(i.BSP_LED_DeInit), (56 bytes).
    Removing py32f072cxx_start_kit.o(i.BSP_LED_Init), (104 bytes).
    Removing py32f072cxx_start_kit.o(i.BSP_LED_Off), (32 bytes).
    Removing py32f072cxx_start_kit.o(i.BSP_LED_On), (32 bytes).
    Removing py32f072cxx_start_kit.o(i.BSP_LED_Toggle), (32 bytes).
    Removing py32f072cxx_start_kit.o(i.BSP_PB_DeInit), (52 bytes).
    Removing py32f072cxx_start_kit.o(i.BSP_PB_GetState), (32 bytes).
    Removing py32f072cxx_start_kit.o(i.BSP_PB_Init), (148 bytes).
    Removing py32f072cxx_start_kit.o(i.BSP_USART_Config), (220 bytes).
    Removing py32f072cxx_start_kit.o(i.fgetc), (28 bytes).
    Removing py32f072cxx_start_kit.o(i.fputc), (28 bytes).
    Removing py32f072cxx_start_kit.o(.bss), (76 bytes).
    Removing py32f072cxx_start_kit.o(.constdata), (5 bytes).
    Removing py32f072cxx_start_kit.o(.data), (8 bytes).
    Removing py32f072c_hal.o(.rev16_text), (4 bytes).
    Removing py32f072c_hal.o(.revsh_text), (4 bytes).
    Removing py32f072c_hal.o(i.HAL_DBGMCU_DisableDBGMCUSleepMode), (20 bytes).
    Removing py32f072c_hal.o(i.HAL_DBGMCU_DisableDBGMCUStopMode), (20 bytes).
    Removing py32f072c_hal.o(i.HAL_DBGMCU_EnableDBGMCUSleepMode), (20 bytes).
    Removing py32f072c_hal.o(i.HAL_DBGMCU_EnableDBGMCUStopMode), (20 bytes).
    Removing py32f072c_hal.o(i.HAL_DeInit), (52 bytes).
    Removing py32f072c_hal.o(i.HAL_GetHalVersion), (6 bytes).
    Removing py32f072c_hal.o(i.HAL_GetREVID), (12 bytes).
    Removing py32f072c_hal.o(i.HAL_GetTickFreq), (12 bytes).
    Removing py32f072c_hal.o(i.HAL_GetTickPrio), (12 bytes).
    Removing py32f072c_hal.o(i.HAL_GetUIDw0), (12 bytes).
    Removing py32f072c_hal.o(i.HAL_GetUIDw1), (12 bytes).
    Removing py32f072c_hal.o(i.HAL_GetUIDw2), (12 bytes).
    Removing py32f072c_hal.o(i.HAL_MspDeInit), (2 bytes).
    Removing py32f072c_hal.o(i.HAL_MspInit), (2 bytes).
    Removing py32f072c_hal.o(i.HAL_ResumeTick), (20 bytes).
    Removing py32f072c_hal.o(i.HAL_SYSCFG_DisableGPIONoiseFilter), (92 bytes).
    Removing py32f072c_hal.o(i.HAL_SYSCFG_EnableGPIONoiseFilter), (92 bytes).
    Removing py32f072c_hal.o(i.HAL_SYSCFG_TIM1ETRSource), (24 bytes).
    Removing py32f072c_hal.o(i.HAL_SYSCFG_TIM1IC1Source), (20 bytes).
    Removing py32f072c_hal.o(i.HAL_SYSCFG_TIM2ETRSource), (24 bytes).
    Removing py32f072c_hal.o(i.HAL_SYSCFG_TIM2IC4Source), (20 bytes).
    Removing py32f072c_hal.o(i.HAL_SYSCFG_TIM3ETRSource), (24 bytes).
    Removing py32f072c_hal.o(i.HAL_SYSCFG_TIM3IC1Source), (20 bytes).
    Removing py32f072c_hal.o(i.HAL_SetTickFreq), (44 bytes).
    Removing py32f072c_hal.o(i.HAL_SuspendTick), (20 bytes).
    Removing py32f072c_hal_cortex.o(.rev16_text), (4 bytes).
    Removing py32f072c_hal_cortex.o(.revsh_text), (4 bytes).
    Removing py32f072c_hal_cortex.o(i.HAL_NVIC_ClearPendingIRQ), (28 bytes).
    Removing py32f072c_hal_cortex.o(i.HAL_NVIC_DisableIRQ), (36 bytes).
    Removing py32f072c_hal_cortex.o(i.HAL_NVIC_EnableIRQ), (36 bytes).
    Removing py32f072c_hal_cortex.o(i.HAL_NVIC_GetPendingIRQ), (48 bytes).
    Removing py32f072c_hal_cortex.o(i.HAL_NVIC_GetPriority), (72 bytes).
    Removing py32f072c_hal_cortex.o(i.HAL_NVIC_SetPendingIRQ), (28 bytes).
    Removing py32f072c_hal_cortex.o(i.HAL_NVIC_SystemReset), (32 bytes).
    Removing py32f072c_hal_cortex.o(i.HAL_SYSTICK_CLKSourceConfig), (36 bytes).
    Removing py32f072c_hal_cortex.o(i.HAL_SYSTICK_Callback), (2 bytes).
    Removing py32f072c_hal_cortex.o(i.HAL_SYSTICK_IRQHandler), (8 bytes).
    Removing py32f072c_hal_gpio.o(.rev16_text), (4 bytes).
    Removing py32f072c_hal_gpio.o(.revsh_text), (4 bytes).
    Removing py32f072c_hal_gpio.o(i.HAL_GPIO_DeInit), (256 bytes).
    Removing py32f072c_hal_gpio.o(i.HAL_GPIO_EXTI_Callback), (2 bytes).
    Removing py32f072c_hal_gpio.o(i.HAL_GPIO_EXTI_IRQHandler), (32 bytes).
    Removing py32f072c_hal_gpio.o(i.HAL_GPIO_LockPin), (50 bytes).
    Removing py32f072c_hal_gpio.o(i.HAL_GPIO_ReadPin), (18 bytes).
    Removing py32f072c_hal_pwr.o(.rev16_text), (4 bytes).
    Removing py32f072c_hal_pwr.o(.revsh_text), (4 bytes).
    Removing py32f072c_hal_pwr.o(i.HAL_PWR_ConfigBIAS), (60 bytes).
    Removing py32f072c_hal_pwr.o(i.HAL_PWR_ConfigPVD), (204 bytes).
    Removing py32f072c_hal_pwr.o(i.HAL_PWR_ConfigStopMode), (40 bytes).
    Removing py32f072c_hal_pwr.o(i.HAL_PWR_DeInit), (32 bytes).
    Removing py32f072c_hal_pwr.o(i.HAL_PWR_DisableBkUpAccess), (20 bytes).
    Removing py32f072c_hal_pwr.o(i.HAL_PWR_DisablePVD), (20 bytes).
    Removing py32f072c_hal_pwr.o(i.HAL_PWR_DisableSEVOnPend), (20 bytes).
    Removing py32f072c_hal_pwr.o(i.HAL_PWR_DisableSleepOnExit), (20 bytes).
    Removing py32f072c_hal_pwr.o(i.HAL_PWR_EnableBkUpAccess), (20 bytes).
    Removing py32f072c_hal_pwr.o(i.HAL_PWR_EnablePVD), (20 bytes).
    Removing py32f072c_hal_pwr.o(i.HAL_PWR_EnableSEVOnPend), (20 bytes).
    Removing py32f072c_hal_pwr.o(i.HAL_PWR_EnableSleepOnExit), (20 bytes).
    Removing py32f072c_hal_pwr.o(i.HAL_PWR_EnterSLEEPMode), (32 bytes).
    Removing py32f072c_hal_pwr.o(i.HAL_PWR_EnterSTOPMode), (84 bytes).
    Removing py32f072c_hal_pwr.o(i.HAL_PWR_PVD_Callback), (2 bytes).
    Removing py32f072c_hal_pwr.o(i.HAL_PWR_PVD_IRQHandler), (32 bytes).
    Removing py32f072c_hal_rcc.o(.rev16_text), (4 bytes).
    Removing py32f072c_hal_rcc.o(.revsh_text), (4 bytes).
    Removing py32f072c_hal_rcc.o(i.HAL_RCC_CSSCallback), (2 bytes).
    Removing py32f072c_hal_rcc.o(i.HAL_RCC_ClockConfig), (468 bytes).
    Removing py32f072c_hal_rcc.o(i.HAL_RCC_DeInit), (236 bytes).
    Removing py32f072c_hal_rcc.o(i.HAL_RCC_DisableLSECSS), (20 bytes).
    Removing py32f072c_hal_rcc.o(i.HAL_RCC_EnableCSS), (20 bytes).
    Removing py32f072c_hal_rcc.o(i.HAL_RCC_EnableLSECSS), (20 bytes).
    Removing py32f072c_hal_rcc.o(i.HAL_RCC_GetClockConfig), (60 bytes).
    Removing py32f072c_hal_rcc.o(i.HAL_RCC_GetHCLKFreq), (12 bytes).
    Removing py32f072c_hal_rcc.o(i.HAL_RCC_GetOscConfig), (232 bytes).
    Removing py32f072c_hal_rcc.o(i.HAL_RCC_GetPCLK1Freq), (40 bytes).
    Removing py32f072c_hal_rcc.o(i.HAL_RCC_GetSysClockFreq), (252 bytes).
    Removing py32f072c_hal_rcc.o(i.HAL_RCC_LSECSSCallback), (2 bytes).
    Removing py32f072c_hal_rcc.o(i.HAL_RCC_MCOConfig), (268 bytes).
    Removing py32f072c_hal_rcc.o(i.HAL_RCC_NMI_IRQHandler), (48 bytes).
    Removing py32f072c_hal_rcc.o(i.HAL_RCC_OscConfig), (1580 bytes).
    Removing py32f072c_hal_rcc.o(i.RCC_GetHSIFreq), (28 bytes).
    Removing py32f072c_hal_rcc.o(.constdata), (52 bytes).
    Removing py32f072c_hal_rcc_ex.o(.rev16_text), (4 bytes).
    Removing py32f072c_hal_rcc_ex.o(.revsh_text), (4 bytes).
    Removing py32f072c_hal_rcc_ex.o(i.HAL_RCCEx_DisableLSCO), (120 bytes).
    Removing py32f072c_hal_rcc_ex.o(i.HAL_RCCEx_EnableLSCO), (132 bytes).
    Removing py32f072c_hal_rcc_ex.o(i.HAL_RCCEx_GetPeriphCLKConfig), (168 bytes).
    Removing py32f072c_hal_rcc_ex.o(i.HAL_RCCEx_GetPeriphCLKFreq), (960 bytes).
    Removing py32f072c_hal_rcc_ex.o(i.HAL_RCCEx_PeriphCLKConfig), (520 bytes).
    Removing py32f072c_hal_rcc_ex.o(.constdata), (20 bytes).
    Removing py32f072c_hal_uart.o(.rev16_text), (4 bytes).
    Removing py32f072c_hal_uart.o(.revsh_text), (4 bytes).
    Removing py32f072c_hal_uart.o(i.HAL_HalfDuplex_EnableReceiver), (72 bytes).
    Removing py32f072c_hal_uart.o(i.HAL_HalfDuplex_EnableTransmitter), (72 bytes).
    Removing py32f072c_hal_uart.o(i.HAL_HalfDuplex_Init), (128 bytes).
    Removing py32f072c_hal_uart.o(i.HAL_LIN_Init), (162 bytes).
    Removing py32f072c_hal_uart.o(i.HAL_LIN_SendBreak), (62 bytes).
    Removing py32f072c_hal_uart.o(i.HAL_MultiProcessor_EnterMuteMode), (62 bytes).
    Removing py32f072c_hal_uart.o(i.HAL_MultiProcessor_ExitMuteMode), (62 bytes).
    Removing py32f072c_hal_uart.o(i.HAL_MultiProcessor_Init), (166 bytes).
    Removing py32f072c_hal_uart.o(i.HAL_UART_Abort), (176 bytes).
    Removing py32f072c_hal_uart.o(i.HAL_UART_AbortCpltCallback), (2 bytes).
    Removing py32f072c_hal_uart.o(i.HAL_UART_AbortReceive), (106 bytes).
    Removing py32f072c_hal_uart.o(i.HAL_UART_AbortReceiveCpltCallback), (2 bytes).
    Removing py32f072c_hal_uart.o(i.HAL_UART_AbortReceive_IT), (124 bytes).
    Removing py32f072c_hal_uart.o(i.HAL_UART_AbortTransmit), (92 bytes).
    Removing py32f072c_hal_uart.o(i.HAL_UART_AbortTransmitCpltCallback), (2 bytes).
    Removing py32f072c_hal_uart.o(i.HAL_UART_AbortTransmit_IT), (112 bytes).
    Removing py32f072c_hal_uart.o(i.HAL_UART_Abort_IT), (232 bytes).
    Removing py32f072c_hal_uart.o(i.HAL_UART_DMAPause), (130 bytes).
    Removing py32f072c_hal_uart.o(i.HAL_UART_DMAResume), (128 bytes).
    Removing py32f072c_hal_uart.o(i.HAL_UART_DMAStop), (110 bytes).
    Removing py32f072c_hal_uart.o(i.HAL_UART_DeInit), (64 bytes).
    Removing py32f072c_hal_uart.o(i.HAL_UART_ErrorCallback), (2 bytes).
    Removing py32f072c_hal_uart.o(i.HAL_UART_GetError), (6 bytes).
    Removing py32f072c_hal_uart.o(i.HAL_UART_GetState), (20 bytes).
    Removing py32f072c_hal_uart.o(i.HAL_UART_IRQHandler), (424 bytes).
    Removing py32f072c_hal_uart.o(i.HAL_UART_IdleFrameDetectCpltCallback), (2 bytes).
    Removing py32f072c_hal_uart.o(i.HAL_UART_Init), (138 bytes).
    Removing py32f072c_hal_uart.o(i.HAL_UART_MspDeInit), (2 bytes).
    Removing py32f072c_hal_uart.o(i.HAL_UART_MspInit), (2 bytes).
    Removing py32f072c_hal_uart.o(i.HAL_UART_Receive), (228 bytes).
    Removing py32f072c_hal_uart.o(i.HAL_UART_Receive_DMA), (220 bytes).
    Removing py32f072c_hal_uart.o(i.HAL_UART_Receive_IT), (118 bytes).
    Removing py32f072c_hal_uart.o(i.HAL_UART_RxCpltCallback), (2 bytes).
    Removing py32f072c_hal_uart.o(i.HAL_UART_RxHalfCpltCallback), (2 bytes).
    Removing py32f072c_hal_uart.o(i.HAL_UART_Transmit), (254 bytes).
    Removing py32f072c_hal_uart.o(i.HAL_UART_Transmit_DMA), (160 bytes).
    Removing py32f072c_hal_uart.o(i.HAL_UART_Transmit_IT), (92 bytes).
    Removing py32f072c_hal_uart.o(i.HAL_UART_TxCpltCallback), (2 bytes).
    Removing py32f072c_hal_uart.o(i.HAL_UART_TxHalfCpltCallback), (2 bytes).
    Removing py32f072c_hal_uart.o(i.UART_AdvFeatureConfig), (56 bytes).
    Removing py32f072c_hal_uart.o(i.UART_DMAAbortOnError), (20 bytes).
    Removing py32f072c_hal_uart.o(i.UART_DMAError), (88 bytes).
    Removing py32f072c_hal_uart.o(i.UART_DMAReceiveCplt), (70 bytes).
    Removing py32f072c_hal_uart.o(i.UART_DMARxAbortCallback), (56 bytes).
    Removing py32f072c_hal_uart.o(i.UART_DMARxHalfCplt), (14 bytes).
    Removing py32f072c_hal_uart.o(i.UART_DMARxOnlyAbortCallback), (24 bytes).
    Removing py32f072c_hal_uart.o(i.UART_DMATransmitCplt), (54 bytes).
    Removing py32f072c_hal_uart.o(i.UART_DMATxAbortCallback), (56 bytes).
    Removing py32f072c_hal_uart.o(i.UART_DMATxHalfCplt), (14 bytes).
    Removing py32f072c_hal_uart.o(i.UART_DMATxOnlyAbortCallback), (24 bytes).
    Removing py32f072c_hal_uart.o(i.UART_EndRxTransfer), (34 bytes).
    Removing py32f072c_hal_uart.o(i.UART_EndTransmit_IT), (32 bytes).
    Removing py32f072c_hal_uart.o(i.UART_EndTxTransfer), (20 bytes).
    Removing py32f072c_hal_uart.o(i.UART_Receive_IT), (136 bytes).
    Removing py32f072c_hal_uart.o(i.UART_SetConfig), (420 bytes).
    Removing py32f072c_hal_uart.o(i.UART_Transmit_IT), (106 bytes).
    Removing py32f072c_hal_uart.o(i.UART_WaitOnFlagUntilTimeout), (112 bytes).
    Removing py32f072c_hal_dma.o(.rev16_text), (4 bytes).
    Removing py32f072c_hal_dma.o(.revsh_text), (4 bytes).
    Removing py32f072c_hal_dma.o(i.DMA_SetConfig), (42 bytes).
    Removing py32f072c_hal_dma.o(i.HAL_DMA_Abort), (84 bytes).
    Removing py32f072c_hal_dma.o(i.HAL_DMA_Abort_IT), (180 bytes).
    Removing py32f072c_hal_dma.o(i.HAL_DMA_ChannelMap), (128 bytes).
    Removing py32f072c_hal_dma.o(i.HAL_DMA_DeInit), (108 bytes).
    Removing py32f072c_hal_dma.o(i.HAL_DMA_GetError), (6 bytes).
    Removing py32f072c_hal_dma.o(i.HAL_DMA_GetState), (8 bytes).
    Removing py32f072c_hal_dma.o(i.HAL_DMA_IRQHandler), (420 bytes).
    Removing py32f072c_hal_dma.o(i.HAL_DMA_Init), (112 bytes).
    Removing py32f072c_hal_dma.o(i.HAL_DMA_PollForTransfer), (688 bytes).
    Removing py32f072c_hal_dma.o(i.HAL_DMA_RegisterCallback), (92 bytes).
    Removing py32f072c_hal_dma.o(i.HAL_DMA_Start), (110 bytes).
    Removing py32f072c_hal_dma.o(i.HAL_DMA_Start_IT), (154 bytes).
    Removing py32f072c_hal_dma.o(i.HAL_DMA_UnRegisterCallback), (108 bytes).
    Removing py32f072c_hal_dma.o(i.__ARM_common_switch8), (28 bytes).

196 unused section(s) (total 16393 bytes) removed from the image.

==============================================================================

Image Symbol Table

    Local Symbols

    Symbol Name                              Value     Ov Type        Size  Object(Section)

    ../clib/microlib/division.c              0x00000000   Number         0  uidiv.o ABSOLUTE
    ../clib/microlib/init/entry.s            0x00000000   Number         0  entry.o ABSOLUTE
    ../clib/microlib/init/entry.s            0x00000000   Number         0  entry11b.o ABSOLUTE
    ../clib/microlib/init/entry.s            0x00000000   Number         0  entry11a.o ABSOLUTE
    ../clib/microlib/init/entry.s            0x00000000   Number         0  entry10b.o ABSOLUTE
    ../clib/microlib/init/entry.s            0x00000000   Number         0  entry9b.o ABSOLUTE
    ../clib/microlib/init/entry.s            0x00000000   Number         0  entry9a.o ABSOLUTE
    ../clib/microlib/init/entry.s            0x00000000   Number         0  entry8b.o ABSOLUTE
    ../clib/microlib/init/entry.s            0x00000000   Number         0  entry8a.o ABSOLUTE
    ../clib/microlib/init/entry.s            0x00000000   Number         0  entry10a.o ABSOLUTE
    ../clib/microlib/init/entry.s            0x00000000   Number         0  entry7b.o ABSOLUTE
    ../clib/microlib/init/entry.s            0x00000000   Number         0  entry7a.o ABSOLUTE
    ../clib/microlib/init/entry.s            0x00000000   Number         0  entry5.o ABSOLUTE
    ../clib/microlib/init/entry.s            0x00000000   Number         0  entry2.o ABSOLUTE
    ../clib/microlib/string/memcpy.c         0x00000000   Number         0  memcpyb.o ABSOLUTE
    ../clib/microlib/string/memcpy.c         0x00000000   Number         0  memcpya.o ABSOLUTE
    ../clib/microlib/string/memset.c         0x00000000   Number         0  memseta.o ABSOLUTE
    ..\Drivers\BSP\PY32F072Cxx_Start_Kit\py32f072cxx_Start_Kit.c 0x00000000   Number         0  py32f072cxx_start_kit.o ABSOLUTE
    ..\Drivers\PY32F072C_HAL_Driver\Src\py32f072c_hal.c 0x00000000   Number         0  py32f072c_hal.o ABSOLUTE
    ..\Drivers\PY32F072C_HAL_Driver\Src\py32f072c_hal_cortex.c 0x00000000   Number         0  py32f072c_hal_cortex.o ABSOLUTE
    ..\Drivers\PY32F072C_HAL_Driver\Src\py32f072c_hal_dma.c 0x00000000   Number         0  py32f072c_hal_dma.o ABSOLUTE
    ..\Drivers\PY32F072C_HAL_Driver\Src\py32f072c_hal_gpio.c 0x00000000   Number         0  py32f072c_hal_gpio.o ABSOLUTE
    ..\Drivers\PY32F072C_HAL_Driver\Src\py32f072c_hal_pwr.c 0x00000000   Number         0  py32f072c_hal_pwr.o ABSOLUTE
    ..\Drivers\PY32F072C_HAL_Driver\Src\py32f072c_hal_rcc.c 0x00000000   Number         0  py32f072c_hal_rcc.o ABSOLUTE
    ..\Drivers\PY32F072C_HAL_Driver\Src\py32f072c_hal_rcc_ex.c 0x00000000   Number         0  py32f072c_hal_rcc_ex.o ABSOLUTE
    ..\Drivers\PY32F072C_HAL_Driver\Src\py32f072c_hal_uart.c 0x00000000   Number         0  py32f072c_hal_uart.o ABSOLUTE
    ..\Src\main.c                            0x00000000   Number         0  main.o ABSOLUTE
    ..\Src\py32f072c_hal_msp.c               0x00000000   Number         0  py32f072c_hal_msp.o ABSOLUTE
    ..\Src\py32f072c_it.c                    0x00000000   Number         0  py32f072c_it.o ABSOLUTE
    ..\Src\system_py32f072c.c                0x00000000   Number         0  system_py32f072c.o ABSOLUTE
    ..\\Drivers\\BSP\\PY32F072Cxx_Start_Kit\\py32f072cxx_Start_Kit.c 0x00000000   Number         0  py32f072cxx_start_kit.o ABSOLUTE
    ..\\Drivers\\PY32F072C_HAL_Driver\\Src\\py32f072c_hal.c 0x00000000   Number         0  py32f072c_hal.o ABSOLUTE
    ..\\Drivers\\PY32F072C_HAL_Driver\\Src\\py32f072c_hal_cortex.c 0x00000000   Number         0  py32f072c_hal_cortex.o ABSOLUTE
    ..\\Drivers\\PY32F072C_HAL_Driver\\Src\\py32f072c_hal_dma.c 0x00000000   Number         0  py32f072c_hal_dma.o ABSOLUTE
    ..\\Drivers\\PY32F072C_HAL_Driver\\Src\\py32f072c_hal_gpio.c 0x00000000   Number         0  py32f072c_hal_gpio.o ABSOLUTE
    ..\\Drivers\\PY32F072C_HAL_Driver\\Src\\py32f072c_hal_pwr.c 0x00000000   Number         0  py32f072c_hal_pwr.o ABSOLUTE
    ..\\Drivers\\PY32F072C_HAL_Driver\\Src\\py32f072c_hal_rcc.c 0x00000000   Number         0  py32f072c_hal_rcc.o ABSOLUTE
    ..\\Drivers\\PY32F072C_HAL_Driver\\Src\\py32f072c_hal_rcc_ex.c 0x00000000   Number         0  py32f072c_hal_rcc_ex.o ABSOLUTE
    ..\\Drivers\\PY32F072C_HAL_Driver\\Src\\py32f072c_hal_uart.c 0x00000000   Number         0  py32f072c_hal_uart.o ABSOLUTE
    ..\\Src\\main.c                          0x00000000   Number         0  main.o ABSOLUTE
    ..\\Src\\py32f072c_hal_msp.c             0x00000000   Number         0  py32f072c_hal_msp.o ABSOLUTE
    ..\\Src\\py32f072c_it.c                  0x00000000   Number         0  py32f072c_it.o ABSOLUTE
    ..\\Src\\system_py32f072c.c              0x00000000   Number         0  system_py32f072c.o ABSOLUTE
    dc.s                                     0x00000000   Number         0  dc.o ABSOLUTE
    handlers.s                               0x00000000   Number         0  handlers.o ABSOLUTE
    init.s                                   0x00000000   Number         0  init.o ABSOLUTE
    startup_py32f072cxx.s                    0x00000000   Number         0  startup_py32f072cxx.o ABSOLUTE
    RESET                                    0x08000000   Section      192  startup_py32f072cxx.o(RESET)
    .ARM.Collect$$$$00000000                 0x080000c0   Section        0  entry.o(.ARM.Collect$$$$00000000)
    .ARM.Collect$$$$00000001                 0x080000c0   Section        4  entry2.o(.ARM.Collect$$$$00000001)
    .ARM.Collect$$$$00000004                 0x080000c4   Section        4  entry5.o(.ARM.Collect$$$$00000004)
    .ARM.Collect$$$$00000008                 0x080000c8   Section        0  entry7b.o(.ARM.Collect$$$$00000008)
    .ARM.Collect$$$$0000000A                 0x080000c8   Section        0  entry8b.o(.ARM.Collect$$$$0000000A)
    .ARM.Collect$$$$0000000B                 0x080000c8   Section        8  entry9a.o(.ARM.Collect$$$$0000000B)
    .ARM.Collect$$$$0000000D                 0x080000d0   Section        0  entry10a.o(.ARM.Collect$$$$0000000D)
    .ARM.Collect$$$$0000000F                 0x080000d0   Section        0  entry11a.o(.ARM.Collect$$$$0000000F)
    .ARM.Collect$$$$00002712                 0x080000d0   Section        4  entry2.o(.ARM.Collect$$$$00002712)
    __lit__00000000                          0x080000d0   Data           4  entry2.o(.ARM.Collect$$$$00002712)
    .text                                    0x080000d4   Section       28  startup_py32f072cxx.o(.text)
    .text                                    0x080000f0   Section        0  uidiv.o(.text)
    .text                                    0x0800011c   Section        0  memseta.o(.text)
    .text                                    0x08000140   Section       36  init.o(.text)
    i.APP_GpioConfig                         0x08000164   Section        0  main.o(i.APP_GpioConfig)
    APP_GpioConfig                           0x08000165   Thumb Code   162  main.o(i.APP_GpioConfig)
    i.HAL_Delay                              0x08000210   Section        0  py32f072c_hal.o(i.HAL_Delay)
    i.HAL_GPIO_Init                          0x0800023c   Section        0  py32f072c_hal_gpio.o(i.HAL_GPIO_Init)
    i.HAL_GPIO_TogglePin                     0x08000400   Section        0  py32f072c_hal_gpio.o(i.HAL_GPIO_TogglePin)
    i.HAL_GPIO_WritePin                      0x08000410   Section        0  py32f072c_hal_gpio.o(i.HAL_GPIO_WritePin)
    i.HAL_GetTick                            0x0800041c   Section        0  py32f072c_hal.o(i.HAL_GetTick)
    i.HAL_IncTick                            0x08000428   Section        0  py32f072c_hal.o(i.HAL_IncTick)
    i.HAL_Init                               0x08000440   Section        0  py32f072c_hal.o(i.HAL_Init)
    i.HAL_InitTick                           0x0800045c   Section        0  py32f072c_hal.o(i.HAL_InitTick)
    i.HAL_MspInit                            0x080004bc   Section        0  py32f072c_hal_msp.o(i.HAL_MspInit)
    i.HAL_NVIC_SetPriority                   0x08000500   Section        0  py32f072c_hal_cortex.o(i.HAL_NVIC_SetPriority)
    i.HAL_SYSTICK_Config                     0x08000514   Section        0  py32f072c_hal_cortex.o(i.HAL_SYSTICK_Config)
    i.HardFault_Handler                      0x0800054c   Section        0  py32f072c_it.o(i.HardFault_Handler)
    i.NMI_Handler                            0x08000550   Section        0  py32f072c_it.o(i.NMI_Handler)
    i.PendSV_Handler                         0x08000552   Section        0  py32f072c_it.o(i.PendSV_Handler)
    i.SVC_Handler                            0x08000554   Section        0  py32f072c_it.o(i.SVC_Handler)
    i.SysTick_Handler                        0x08000556   Section        0  py32f072c_it.o(i.SysTick_Handler)
    i.SystemInit                             0x08000560   Section        0  system_py32f072c.o(i.SystemInit)
    i.__NVIC_SetPriority                     0x0800059c   Section        0  py32f072c_hal_cortex.o(i.__NVIC_SetPriority)
    __NVIC_SetPriority                       0x0800059d   Thumb Code   110  py32f072c_hal_cortex.o(i.__NVIC_SetPriority)
    i.__scatterload_copy                     0x08000614   Section       14  handlers.o(i.__scatterload_copy)
    i.__scatterload_null                     0x08000622   Section        2  handlers.o(i.__scatterload_null)
    i.__scatterload_zeroinit                 0x08000624   Section       14  handlers.o(i.__scatterload_zeroinit)
    i.main                                   0x08000634   Section        0  main.o(i.main)
    .data                                    0x20000000   Section        4  system_py32f072c.o(.data)
    .data                                    0x20000004   Section       12  py32f072c_hal.o(.data)
    STACK                                    0x20000010   Section     1024  startup_py32f072cxx.o(STACK)

    Global Symbols

    Symbol Name                              Value     Ov Type        Size  Object(Section)

    BuildAttributes$$THM_ISAv3M$S$PE$A:L22$X:L11$S22$IEEE1$IW$USESV6$~STKCKD$USESV7$~SHL$OSPACE$EBA8$MICROLIB$REQ8$PRES8$EABIv2 0x00000000   Number         0  anon$$obj.o ABSOLUTE
    __ARM_use_no_argv                        0x00000000   Number         0  main.o ABSOLUTE
    __cpp_initialize__aeabi_                  - Undefined Weak Reference
    __cxa_finalize                            - Undefined Weak Reference
    __decompress                              - Undefined Weak Reference
    _clock_init                               - Undefined Weak Reference
    _microlib_exit                            - Undefined Weak Reference
    __Vectors_Size                           0x000000c0   Number         0  startup_py32f072cxx.o ABSOLUTE
    __Vectors                                0x08000000   Data           4  startup_py32f072cxx.o(RESET)
    __Vectors_End                            0x080000c0   Data           0  startup_py32f072cxx.o(RESET)
    __main                                   0x080000c1   Thumb Code     0  entry.o(.ARM.Collect$$$$00000000)
    _main_stk                                0x080000c1   Thumb Code     0  entry2.o(.ARM.Collect$$$$00000001)
    _main_scatterload                        0x080000c5   Thumb Code     0  entry5.o(.ARM.Collect$$$$00000004)
    __main_after_scatterload                 0x080000c9   Thumb Code     0  entry5.o(.ARM.Collect$$$$00000004)
    _main_clock                              0x080000c9   Thumb Code     0  entry7b.o(.ARM.Collect$$$$00000008)
    _main_cpp_init                           0x080000c9   Thumb Code     0  entry8b.o(.ARM.Collect$$$$0000000A)
    _main_init                               0x080000c9   Thumb Code     0  entry9a.o(.ARM.Collect$$$$0000000B)
    __rt_final_cpp                           0x080000d1   Thumb Code     0  entry10a.o(.ARM.Collect$$$$0000000D)
    __rt_final_exit                          0x080000d1   Thumb Code     0  entry11a.o(.ARM.Collect$$$$0000000F)
    Reset_Handler                            0x080000d5   Thumb Code     8  startup_py32f072cxx.o(.text)
    ADC_COMP_IRQHandler                      0x080000e7   Thumb Code     0  startup_py32f072cxx.o(.text)
    CAN_IRQHandler                           0x080000e7   Thumb Code     0  startup_py32f072cxx.o(.text)
    DMA1_Channel1_IRQHandler                 0x080000e7   Thumb Code     0  startup_py32f072cxx.o(.text)
    DMA1_Channel2_3_IRQHandler               0x080000e7   Thumb Code     0  startup_py32f072cxx.o(.text)
    DMA1_Channel4_5_6_7_IRQHandler           0x080000e7   Thumb Code     0  startup_py32f072cxx.o(.text)
    EXTI0_1_IRQHandler                       0x080000e7   Thumb Code     0  startup_py32f072cxx.o(.text)
    EXTI2_3_IRQHandler                       0x080000e7   Thumb Code     0  startup_py32f072cxx.o(.text)
    EXTI4_15_IRQHandler                      0x080000e7   Thumb Code     0  startup_py32f072cxx.o(.text)
    FLASH_IRQHandler                         0x080000e7   Thumb Code     0  startup_py32f072cxx.o(.text)
    I2C1_IRQHandler                          0x080000e7   Thumb Code     0  startup_py32f072cxx.o(.text)
    I2C2_IRQHandler                          0x080000e7   Thumb Code     0  startup_py32f072cxx.o(.text)
    LCD_IRQHandler                           0x080000e7   Thumb Code     0  startup_py32f072cxx.o(.text)
    PVD_IRQHandler                           0x080000e7   Thumb Code     0  startup_py32f072cxx.o(.text)
    RCC_IRQHandler                           0x080000e7   Thumb Code     0  startup_py32f072cxx.o(.text)
    RTC_IRQHandler                           0x080000e7   Thumb Code     0  startup_py32f072cxx.o(.text)
    SPI1_IRQHandler                          0x080000e7   Thumb Code     0  startup_py32f072cxx.o(.text)
    SPI2_IRQHandler                          0x080000e7   Thumb Code     0  startup_py32f072cxx.o(.text)
    TIM14_IRQHandler                         0x080000e7   Thumb Code     0  startup_py32f072cxx.o(.text)
    TIM15_IRQHandler                         0x080000e7   Thumb Code     0  startup_py32f072cxx.o(.text)
    TIM16_IRQHandler                         0x080000e7   Thumb Code     0  startup_py32f072cxx.o(.text)
    TIM17_IRQHandler                         0x080000e7   Thumb Code     0  startup_py32f072cxx.o(.text)
    TIM1_BRK_UP_TRG_COM_IRQHandler           0x080000e7   Thumb Code     0  startup_py32f072cxx.o(.text)
    TIM1_CC_IRQHandler                       0x080000e7   Thumb Code     0  startup_py32f072cxx.o(.text)
    TIM2_IRQHandler                          0x080000e7   Thumb Code     0  startup_py32f072cxx.o(.text)
    TIM3_IRQHandler                          0x080000e7   Thumb Code     0  startup_py32f072cxx.o(.text)
    TIM6_LPTIM1_DAC_IRQHandler               0x080000e7   Thumb Code     0  startup_py32f072cxx.o(.text)
    TIM7_IRQHandler                          0x080000e7   Thumb Code     0  startup_py32f072cxx.o(.text)
    USART1_IRQHandler                        0x080000e7   Thumb Code     0  startup_py32f072cxx.o(.text)
    USART2_IRQHandler                        0x080000e7   Thumb Code     0  startup_py32f072cxx.o(.text)
    USART3_4_IRQHandler                      0x080000e7   Thumb Code     0  startup_py32f072cxx.o(.text)
    USB_IRQHandler                           0x080000e7   Thumb Code     0  startup_py32f072cxx.o(.text)
    WWDG_IRQHandler                          0x080000e7   Thumb Code     0  startup_py32f072cxx.o(.text)
    __aeabi_uidiv                            0x080000f1   Thumb Code     0  uidiv.o(.text)
    __aeabi_uidivmod                         0x080000f1   Thumb Code    44  uidiv.o(.text)
    __aeabi_memset                           0x0800011d   Thumb Code    14  memseta.o(.text)
    __aeabi_memset4                          0x0800011d   Thumb Code     0  memseta.o(.text)
    __aeabi_memset8                          0x0800011d   Thumb Code     0  memseta.o(.text)
    __aeabi_memclr                           0x0800012b   Thumb Code     4  memseta.o(.text)
    __aeabi_memclr4                          0x0800012b   Thumb Code     0  memseta.o(.text)
    __aeabi_memclr8                          0x0800012b   Thumb Code     0  memseta.o(.text)
    _memset$wrapper                          0x0800012f   Thumb Code    18  memseta.o(.text)
    __scatterload                            0x08000141   Thumb Code    28  init.o(.text)
    __scatterload_rt2                        0x08000141   Thumb Code     0  init.o(.text)
    HAL_Delay                                0x08000211   Thumb Code    38  py32f072c_hal.o(i.HAL_Delay)
    HAL_GPIO_Init                            0x0800023d   Thumb Code   438  py32f072c_hal_gpio.o(i.HAL_GPIO_Init)
    HAL_GPIO_TogglePin                       0x08000401   Thumb Code    16  py32f072c_hal_gpio.o(i.HAL_GPIO_TogglePin)
    HAL_GPIO_WritePin                        0x08000411   Thumb Code    12  py32f072c_hal_gpio.o(i.HAL_GPIO_WritePin)
    HAL_GetTick                              0x0800041d   Thumb Code     6  py32f072c_hal.o(i.HAL_GetTick)
    HAL_IncTick                              0x08000429   Thumb Code    16  py32f072c_hal.o(i.HAL_IncTick)
    HAL_Init                                 0x08000441   Thumb Code    26  py32f072c_hal.o(i.HAL_Init)
    HAL_InitTick                             0x0800045d   Thumb Code    82  py32f072c_hal.o(i.HAL_InitTick)
    HAL_MspInit                              0x080004bd   Thumb Code    64  py32f072c_hal_msp.o(i.HAL_MspInit)
    HAL_NVIC_SetPriority                     0x08000501   Thumb Code    18  py32f072c_hal_cortex.o(i.HAL_NVIC_SetPriority)
    HAL_SYSTICK_Config                       0x08000515   Thumb Code    46  py32f072c_hal_cortex.o(i.HAL_SYSTICK_Config)
    HardFault_Handler                        0x0800054d   Thumb Code     4  py32f072c_it.o(i.HardFault_Handler)
    NMI_Handler                              0x08000551   Thumb Code     2  py32f072c_it.o(i.NMI_Handler)
    PendSV_Handler                           0x08000553   Thumb Code     2  py32f072c_it.o(i.PendSV_Handler)
    SVC_Handler                              0x08000555   Thumb Code     2  py32f072c_it.o(i.SVC_Handler)
    SysTick_Handler                          0x08000557   Thumb Code     8  py32f072c_it.o(i.SysTick_Handler)
    SystemInit                               0x08000561   Thumb Code    42  system_py32f072c.o(i.SystemInit)
    __scatterload_copy                       0x08000615   Thumb Code    14  handlers.o(i.__scatterload_copy)
    __scatterload_null                       0x08000623   Thumb Code     2  handlers.o(i.__scatterload_null)
    __scatterload_zeroinit                   0x08000625   Thumb Code    14  handlers.o(i.__scatterload_zeroinit)
    main                                     0x08000635   Thumb Code    82  main.o(i.main)
    Region$$Table$$Base                      0x0800068c   Number         0  anon$$obj.o(Region$$Table)
    Region$$Table$$Limit                     0x080006ac   Number         0  anon$$obj.o(Region$$Table)
    SystemCoreClock                          0x20000000   Data           4  system_py32f072c.o(.data)
    uwTick                                   0x20000004   Data           4  py32f072c_hal.o(.data)
    uwTickPrio                               0x20000008   Data           4  py32f072c_hal.o(.data)
    uwTickFreq                               0x2000000c   Data           4  py32f072c_hal.o(.data)
    __initial_sp                             0x20000410   Data           0  startup_py32f072cxx.o(STACK)



==============================================================================

Memory Map of the image

  Image Entry point : 0x080000c1

  Load Region LR_IROM1 (Base: 0x08000000, Size: 0x000006bc, Max: 0x00020000, ABSOLUTE)

    Execution Region ER_IROM1 (Exec base: 0x08000000, Load base: 0x08000000, Size: 0x000006ac, Max: 0x00020000, ABSOLUTE)

    Exec Addr    Load Addr    Size         Type   Attr      Idx    E Section Name        Object

    0x08000000   0x08000000   0x000000c0   Data   RO            3    RESET               startup_py32f072cxx.o
    0x080000c0   0x080000c0   0x00000000   Code   RO         1371  * .ARM.Collect$$$$00000000  mc_p.l(entry.o)
    0x080000c0   0x080000c0   0x00000004   Code   RO         1382    .ARM.Collect$$$$00000001  mc_p.l(entry2.o)
    0x080000c4   0x080000c4   0x00000004   Code   RO         1385    .ARM.Collect$$$$00000004  mc_p.l(entry5.o)
    0x080000c8   0x080000c8   0x00000000   Code   RO         1387    .ARM.Collect$$$$00000008  mc_p.l(entry7b.o)
    0x080000c8   0x080000c8   0x00000000   Code   RO         1389    .ARM.Collect$$$$0000000A  mc_p.l(entry8b.o)
    0x080000c8   0x080000c8   0x00000008   Code   RO         1390    .ARM.Collect$$$$0000000B  mc_p.l(entry9a.o)
    0x080000d0   0x080000d0   0x00000000   Code   RO         1392    .ARM.Collect$$$$0000000D  mc_p.l(entry10a.o)
    0x080000d0   0x080000d0   0x00000000   Code   RO         1394    .ARM.Collect$$$$0000000F  mc_p.l(entry11a.o)
    0x080000d0   0x080000d0   0x00000004   Code   RO         1383    .ARM.Collect$$$$00002712  mc_p.l(entry2.o)
    0x080000d4   0x080000d4   0x0000001c   Code   RO            4    .text               startup_py32f072cxx.o
    0x080000f0   0x080000f0   0x0000002c   Code   RO         1374    .text               mc_p.l(uidiv.o)
    0x0800011c   0x0800011c   0x00000024   Code   RO         1378    .text               mc_p.l(memseta.o)
    0x08000140   0x08000140   0x00000024   Code   RO         1396    .text               mc_p.l(init.o)
    0x08000164   0x08000164   0x000000ac   Code   RO          113    i.APP_GpioConfig    main.o
    0x08000210   0x08000210   0x0000002c   Code   RO          320    i.HAL_Delay         py32f072c_hal.o
    0x0800023c   0x0800023c   0x000001c4   Code   RO          612    i.HAL_GPIO_Init     py32f072c_hal_gpio.o
    0x08000400   0x08000400   0x00000010   Code   RO          615    i.HAL_GPIO_TogglePin  py32f072c_hal_gpio.o
    0x08000410   0x08000410   0x0000000c   Code   RO          616    i.HAL_GPIO_WritePin  py32f072c_hal_gpio.o
    0x0800041c   0x0800041c   0x0000000c   Code   RO          323    i.HAL_GetTick       py32f072c_hal.o
    0x08000428   0x08000428   0x00000018   Code   RO          329    i.HAL_IncTick       py32f072c_hal.o
    0x08000440   0x08000440   0x0000001a   Code   RO          330    i.HAL_Init          py32f072c_hal.o
    0x0800045a   0x0800045a   0x00000002   PAD
    0x0800045c   0x0800045c   0x00000060   Code   RO          331    i.HAL_InitTick      py32f072c_hal.o
    0x080004bc   0x080004bc   0x00000044   Code   RO          154    i.HAL_MspInit       py32f072c_hal_msp.o
    0x08000500   0x08000500   0x00000012   Code   RO          521    i.HAL_NVIC_SetPriority  py32f072c_hal_cortex.o
    0x08000512   0x08000512   0x00000002   PAD
    0x08000514   0x08000514   0x00000038   Code   RO          525    i.HAL_SYSTICK_Config  py32f072c_hal_cortex.o
    0x0800054c   0x0800054c   0x00000004   Code   RO          174    i.HardFault_Handler  py32f072c_it.o
    0x08000550   0x08000550   0x00000002   Code   RO          175    i.NMI_Handler       py32f072c_it.o
    0x08000552   0x08000552   0x00000002   Code   RO          176    i.PendSV_Handler    py32f072c_it.o
    0x08000554   0x08000554   0x00000002   Code   RO          177    i.SVC_Handler       py32f072c_it.o
    0x08000556   0x08000556   0x00000008   Code   RO          178    i.SysTick_Handler   py32f072c_it.o
    0x0800055e   0x0800055e   0x00000002   PAD
    0x08000560   0x08000560   0x0000003c   Code   RO           13    i.SystemInit        system_py32f072c.o
    0x0800059c   0x0800059c   0x00000078   Code   RO          527    i.__NVIC_SetPriority  py32f072c_hal_cortex.o
    0x08000614   0x08000614   0x0000000e   Code   RO         1400    i.__scatterload_copy  mc_p.l(handlers.o)
    0x08000622   0x08000622   0x00000002   Code   RO         1401    i.__scatterload_null  mc_p.l(handlers.o)
    0x08000624   0x08000624   0x0000000e   Code   RO         1402    i.__scatterload_zeroinit  mc_p.l(handlers.o)
    0x08000632   0x08000632   0x00000002   PAD
    0x08000634   0x08000634   0x00000058   Code   RO          114    i.main              main.o
    0x0800068c   0x0800068c   0x00000020   Data   RO         1398    Region$$Table       anon$$obj.o


    Execution Region RW_IRAM1 (Exec base: 0x20000000, Load base: 0x080006ac, Size: 0x00000410, Max: 0x00004000, ABSOLUTE)

    Exec Addr    Load Addr    Size         Type   Attr      Idx    E Section Name        Object

    0x20000000   0x080006ac   0x00000004   Data   RW           15    .data               system_py32f072c.o
    0x20000004   0x080006b0   0x0000000c   Data   RW          345    .data               py32f072c_hal.o
    0x20000010        -       0x00000400   Zero   RW            1    STACK               startup_py32f072cxx.o


==============================================================================

Image component sizes


      Code (inc. data)   RO Data    RW Data    ZI Data      Debug   Object Name

       260         16          0          0          0       1431   main.o
       202         34          0         12          0       3753   py32f072c_hal.o
       194         20          0          0          0       9844   py32f072c_hal_cortex.o
       480         14          0          0          0       2753   py32f072c_hal_gpio.o
        68          4          0          0          0        782   py32f072c_hal_msp.o
        18          0          0          0          0       2055   py32f072c_it.o
        28          8        192          0       1024        624   startup_py32f072cxx.o
        60         18          0          4          0     261956   system_py32f072c.o

    ----------------------------------------------------------------------
      1316        114        224         16       1024     283198   Object Totals
         0          0         32          0          0          0   (incl. Generated)
         6          0          0          0          0          0   (incl. Padding)

    ----------------------------------------------------------------------

      Code (inc. data)   RO Data    RW Data    ZI Data      Debug   Library Member Name

         0          0          0          0          0          0   entry.o
         0          0          0          0          0          0   entry10a.o
         0          0          0          0          0          0   entry11a.o
         8          4          0          0          0          0   entry2.o
         4          0          0          0          0          0   entry5.o
         0          0          0          0          0          0   entry7b.o
         0          0          0          0          0          0   entry8b.o
         8          4          0          0          0          0   entry9a.o
        30          0          0          0          0          0   handlers.o
        36          8          0          0          0         68   init.o
        36          0          0          0          0        100   memseta.o
        44          0          0          0          0         72   uidiv.o

    ----------------------------------------------------------------------
       168         16          0          0          0        240   Library Totals
         2          0          0          0          0          0   (incl. Padding)

    ----------------------------------------------------------------------

      Code (inc. data)   RO Data    RW Data    ZI Data      Debug   Library Name

       166         16          0          0          0        240   mc_p.l

    ----------------------------------------------------------------------
       168         16          0          0          0        240   Library Totals

    ----------------------------------------------------------------------

==============================================================================


      Code (inc. data)   RO Data    RW Data    ZI Data      Debug   

      1484        130        224         16       1024     282886   Grand Totals
      1484        130        224         16       1024     282886   ELF Image Totals
      1484        130        224         16          0          0   ROM Totals

==============================================================================

    Total RO  Size (Code + RO Data)                 1708 (   1.67kB)
    Total RW  Size (RW Data + ZI Data)              1040 (   1.02kB)
    Total ROM Size (Code + RO Data + RW Data)       1724 (   1.68kB)

==============================================================================

